firstname,lastname,city
adam,fisher,sibiu
joe,robinson,cluj
