firstname,lastname,city
joe,robinson,sibiu
alex,murphy,cluj
